// Jest Snapshot v1, https://goo.gl/fbAQLP

exports[`Detail page test should render cardDetail 1`] = `ShallowWrapper {}`;
