// Jest Snapshot v1, https://goo.gl/fbAQLP

exports[`Main page test should render 1`] = `ReactWrapper {}`;
