// Jest Snapshot v1, https://goo.gl/fbAQLP

exports[`App test should render card 1`] = `ShallowWrapper {}`;
