// Jest Snapshot v1, https://goo.gl/fbAQLP

exports[`Card detail component test should render cardDetail 1`] = `ShallowWrapper {}`;
