// Jest Snapshot v1, https://goo.gl/fbAQLP

exports[`Card component test should render card 1`] = `ShallowWrapper {}`;
