// Jest Snapshot v1, https://goo.gl/fbAQLP

exports[`Filter component test should render header 1`] = `ShallowWrapper {}`;
