// Jest Snapshot v1, https://goo.gl/fbAQLP

exports[`Card detail component test should render card detail 1`] = `ShallowWrapper {}`;
